PS C:\Users\louis> ssh-keygen -lf ~/.ssh/authorized_keys
ssh-keygen: ~/.ssh/authorized_keys: No such file or directory
PS C:\Users\louis> # Generate the public key from your private key
PS C:\Users\louis> ssh-keygen -y -f $env:USERPROFILE\.ssh\id_rsa
ssh-rsa AAAAB3NzaC1yc2EAAAADAQABAAACAQDnLdVHWTgaIJabLhiPY72+Aycu10YbjjExncwJRpHgMIZ7TQHv0urVg4054TJf+XmjQqwM5azz+xCVErn4RUC/AyxV2gyHY3Td5jeSi5gHx7wj8qBARy7bmMv1LQ8HmY0AVvojDHV6XElJ9Er4Cs/3zKN3E8FLTk3+ASyCpU1hyH64zR4ONB0lHF/3GBTXb6rs86E7NTE6Eq3MVwuMz0Md1hUUIYGsghK8s5KBXJqJEdHWmwsSm74KKIneKr4DWw4xEliYBOG2LVvO8cIiPosjoVIF5VpnfokA9SD9RSuSNI1UqXAr62MCov/fX9XPOdSlNBHAgySYwtye40MXfpou8UO83UIjdog3deHShxAv4CsLkboLhEHQEHphDEZjrxp8c9SUXYOifWAXlCdMZViWV4fnGz/k96M9Za4f61Xvg6v6Egozp1bEenwMDrxViXWu0ig/yoIFGEJrYz3shGgW6j93e2cqDXAaGF9yPSSJtNQKlSoRxfh7xRv6MhxMcQ+8dFAPEaZMQm3GqxaMsoBQ9/ZPbng2my+b5e7qedTQCTb9XIaAHZrz351uDgs9r1S8jLLowcDNlC8XvoJ5BKJZoZtkBZDSn3tWrz0BZjs5kgGJJOcg/npWIaa/b7OO9uBjEqyPg1cuqwqxjOXSJxXtteeq0mC8V86tTOUtXkNQuw== louis-github-deploy
PS C:\Users\louis>
PS C:\Users\louis> # This will output your public key - copy it
PS C:\Users\louis>
PS C:\Users\louis> # Then SSH to your server and add it
PS C:\Users\louis> ssh ubuntu@3.144.201.118
ubuntu@3.144.201.118: Permission denied (publickey).
PS C:\Users\louis> # Once logged in:
PS C:\Users\louis> mkdir -p ~/.ssh
mkdir : An item with the specified name C:\Users\louis\.ssh already exists.
At line:1 char:1
+ mkdir -p ~/.ssh
+ ~~~~~~~~~~~~~~~
    + CategoryInfo          : ResourceExists: (C:\Users\louis\.ssh:String) [New-Item], IOException
    + FullyQualifiedErrorId : DirectoryExist,Microsoft.PowerShell.Commands.NewItemCommand

PS C:\Users\louis> chmod 700 ~/.ssh
chmod : The term 'chmod' is not recognized as the name of a cmdlet, function, script file, or operable program. Check
the spelling of the name, or if a path was included, verify that the path is correct and try again.
At line:1 char:1
+ chmod 700 ~/.ssh
+ ~~~~~
    + CategoryInfo          : ObjectNotFound: (chmod:String) [], CommandNotFoundException
    + FullyQualifiedErrorId : CommandNotFoundException

PS C:\Users\louis> echo "YOUR_PUBLIC_KEY_HERE" >> ~/.ssh/authorized_keys
PS C:\Users\louis> chmod 600 ~/.ssh/authorized_keys
chmod : The term 'chmod' is not recognized as the name of a cmdlet, function, script file, or operable program. Check
the spelling of the name, or if a path was included, verify that the path is correct and try again.
At line:1 char:1
+ chmod 600 ~/.ssh/authorized_keys
+ ~~~~~
    + CategoryInfo          : ObjectNotFound: (chmod:String) [], CommandNotFoundException
    + FullyQualifiedErrorId : CommandNotFoundException

PS C:\Users\louis> exit